// Jest Snapshot v1, https://goo.gl/fbAQLP

exports[`Pruebas en el componente PrimeraApp Debe de mostrar el componente correctamente 1`] = `
<Fragment>
  <h1>
    Hola Daniel
  </h1>
  <p>
    Subtitulo
  </p>
</Fragment>
`;
